[2021-05-06T17:53:16.183+0100][gc,heap] Heap region size: 1M
[2021-05-06T17:53:16.194+0100][gc     ] Using G1
[2021-05-06T17:53:16.194+0100][gc,heap,coops] Heap address: 0x00000007c0000000, size: 1024 MB, Compressed Oops mode: Zero based, Oop shift amount: 3
[2021-05-06T17:53:17.600+0100][gc,start     ] GC(0) Pause Young (Concurrent Start) (Metadata GC Threshold)
[2021-05-06T17:53:17.601+0100][gc,task      ] GC(0) Using 4 workers of 4 for evacuation
[2021-05-06T17:53:17.618+0100][gc,phases    ] GC(0)   Pre Evacuate Collection Set: 0.0ms
[2021-05-06T17:53:17.618+0100][gc,phases    ] GC(0)   Evacuate Collection Set: 15.2ms
[2021-05-06T17:53:17.618+0100][gc,phases    ] GC(0)   Post Evacuate Collection Set: 0.6ms
[2021-05-06T17:53:17.618+0100][gc,phases    ] GC(0)   Other: 2.2ms
[2021-05-06T17:53:17.618+0100][gc,heap      ] GC(0) Eden regions: 42->0(44)
[2021-05-06T17:53:17.618+0100][gc,heap      ] GC(0) Survivor regions: 0->7(7)
[2021-05-06T17:53:17.618+0100][gc,heap      ] GC(0) Old regions: 0->0
[2021-05-06T17:53:17.618+0100][gc,heap      ] GC(0) Humongous regions: 0->0
[2021-05-06T17:53:17.618+0100][gc,metaspace ] GC(0) Metaspace: 20666K->20666K(1069056K)
[2021-05-06T17:53:17.618+0100][gc           ] GC(0) Pause Young (Concurrent Start) (Metadata GC Threshold) 41M->6M(1024M) 18.265ms
[2021-05-06T17:53:17.618+0100][gc,cpu       ] GC(0) User=0.03s Sys=0.01s Real=0.01s
[2021-05-06T17:53:17.618+0100][gc           ] GC(1) Concurrent Cycle
[2021-05-06T17:53:17.618+0100][gc,marking   ] GC(1) Concurrent Clear Claimed Marks
[2021-05-06T17:53:17.619+0100][gc,marking   ] GC(1) Concurrent Clear Claimed Marks 0.049ms
[2021-05-06T17:53:17.619+0100][gc,marking   ] GC(1) Concurrent Scan Root Regions
[2021-05-06T17:53:17.624+0100][gc,marking   ] GC(1) Concurrent Scan Root Regions 5.551ms
[2021-05-06T17:53:17.624+0100][gc,marking   ] GC(1) Concurrent Mark (1.452s)
[2021-05-06T17:53:17.624+0100][gc,marking   ] GC(1) Concurrent Mark From Roots
[2021-05-06T17:53:17.624+0100][gc,task      ] GC(1) Using 1 workers of 1 for marking
[2021-05-06T17:53:17.625+0100][gc,marking   ] GC(1) Concurrent Mark From Roots 0.264ms
[2021-05-06T17:53:17.625+0100][gc,marking   ] GC(1) Concurrent Preclean
[2021-05-06T17:53:17.625+0100][gc,marking   ] GC(1) Concurrent Preclean 0.054ms
[2021-05-06T17:53:17.625+0100][gc,marking   ] GC(1) Concurrent Mark (1.452s, 1.452s) 0.432ms
[2021-05-06T17:53:17.625+0100][gc,start     ] GC(1) Pause Remark
[2021-05-06T17:53:17.628+0100][gc,stringtable] GC(1) Cleaned string and symbol table, strings: 7132 processed, 0 removed, symbols: 63344 processed, 31 removed
[2021-05-06T17:53:17.629+0100][gc            ] GC(1) Pause Remark 7M->7M(1024M) 3.788ms
[2021-05-06T17:53:17.629+0100][gc,cpu        ] GC(1) User=0.01s Sys=0.00s Real=0.00s
[2021-05-06T17:53:17.629+0100][gc,marking    ] GC(1) Concurrent Rebuild Remembered Sets
[2021-05-06T17:53:17.629+0100][gc,marking    ] GC(1) Concurrent Rebuild Remembered Sets 0.430ms
[2021-05-06T17:53:17.629+0100][gc,start      ] GC(1) Pause Cleanup
[2021-05-06T17:53:17.630+0100][gc            ] GC(1) Pause Cleanup 7M->7M(1024M) 0.240ms
[2021-05-06T17:53:17.630+0100][gc,cpu        ] GC(1) User=0.00s Sys=0.00s Real=0.01s
[2021-05-06T17:53:17.630+0100][gc,marking    ] GC(1) Concurrent Cleanup for Next Mark
[2021-05-06T17:53:17.650+0100][gc,marking    ] GC(1) Concurrent Cleanup for Next Mark 19.925ms
[2021-05-06T17:53:17.650+0100][gc            ] GC(1) Concurrent Cycle 31.554ms
[2021-05-06T17:53:19.033+0100][gc,start      ] GC(2) Pause Young (Normal) (G1 Evacuation Pause)
[2021-05-06T17:53:19.034+0100][gc,task       ] GC(2) Using 4 workers of 4 for evacuation
[2021-05-06T17:53:19.054+0100][gc,mmu        ] GC(2) MMU target violated: 20.6ms (20.0ms/21.0ms)
[2021-05-06T17:53:19.054+0100][gc,phases     ] GC(2)   Pre Evacuate Collection Set: 0.1ms
[2021-05-06T17:53:19.054+0100][gc,phases     ] GC(2)   Evacuate Collection Set: 19.7ms
[2021-05-06T17:53:19.054+0100][gc,phases     ] GC(2)   Post Evacuate Collection Set: 0.7ms
[2021-05-06T17:53:19.054+0100][gc,phases     ] GC(2)   Other: 0.3ms
[2021-05-06T17:53:19.054+0100][gc,heap       ] GC(2) Eden regions: 44->0(48)
[2021-05-06T17:53:19.054+0100][gc,heap       ] GC(2) Survivor regions: 7->3(7)
[2021-05-06T17:53:19.054+0100][gc,heap       ] GC(2) Old regions: 0->7
[2021-05-06T17:53:19.054+0100][gc,heap       ] GC(2) Humongous regions: 129->129
[2021-05-06T17:53:19.054+0100][gc,metaspace  ] GC(2) Metaspace: 30730K->30730K(1077248K)
[2021-05-06T17:53:19.054+0100][gc            ] GC(2) Pause Young (Normal) (G1 Evacuation Pause) 179M->137M(1024M) 20.984ms
[2021-05-06T17:53:19.054+0100][gc,cpu        ] GC(2) User=0.05s Sys=0.01s Real=0.02s
[2021-05-06T17:53:19.592+0100][gc,start      ] GC(3) Pause Young (Concurrent Start) (Metadata GC Threshold)
[2021-05-06T17:53:19.592+0100][gc,task       ] GC(3) Using 4 workers of 4 for evacuation
[2021-05-06T17:53:19.600+0100][gc,phases     ] GC(3)   Pre Evacuate Collection Set: 0.1ms
[2021-05-06T17:53:19.600+0100][gc,phases     ] GC(3)   Evacuate Collection Set: 6.9ms
[2021-05-06T17:53:19.600+0100][gc,phases     ] GC(3)   Post Evacuate Collection Set: 0.4ms
[2021-05-06T17:53:19.600+0100][gc,phases     ] GC(3)   Other: 0.3ms
[2021-05-06T17:53:19.600+0100][gc,heap       ] GC(3) Eden regions: 23->0(47)
[2021-05-06T17:53:19.600+0100][gc,heap       ] GC(3) Survivor regions: 3->4(7)
[2021-05-06T17:53:19.600+0100][gc,heap       ] GC(3) Old regions: 7->7
[2021-05-06T17:53:19.600+0100][gc,heap       ] GC(3) Humongous regions: 129->129
[2021-05-06T17:53:19.600+0100][gc,metaspace  ] GC(3) Metaspace: 34666K->34666K(1081344K)
[2021-05-06T17:53:19.600+0100][gc            ] GC(3) Pause Young (Concurrent Start) (Metadata GC Threshold) 160M->139M(1024M) 7.839ms
[2021-05-06T17:53:19.600+0100][gc,cpu        ] GC(3) User=0.03s Sys=0.00s Real=0.01s
[2021-05-06T17:53:19.600+0100][gc            ] GC(4) Concurrent Cycle
[2021-05-06T17:53:19.600+0100][gc,marking    ] GC(4) Concurrent Clear Claimed Marks
[2021-05-06T17:53:19.600+0100][gc,marking    ] GC(4) Concurrent Clear Claimed Marks 0.078ms
[2021-05-06T17:53:19.600+0100][gc,marking    ] GC(4) Concurrent Scan Root Regions
[2021-05-06T17:53:19.608+0100][gc,marking    ] GC(4) Concurrent Scan Root Regions 7.969ms
[2021-05-06T17:53:19.608+0100][gc,marking    ] GC(4) Concurrent Mark (3.436s)
[2021-05-06T17:53:19.608+0100][gc,marking    ] GC(4) Concurrent Mark From Roots
[2021-05-06T17:53:19.608+0100][gc,task       ] GC(4) Using 1 workers of 1 for marking
[2021-05-06T17:53:19.626+0100][gc,marking    ] GC(4) Concurrent Mark From Roots 17.607ms
[2021-05-06T17:53:19.626+0100][gc,marking    ] GC(4) Concurrent Preclean
[2021-05-06T17:53:19.626+0100][gc,marking    ] GC(4) Concurrent Preclean 0.123ms
[2021-05-06T17:53:19.626+0100][gc,marking    ] GC(4) Concurrent Mark (3.436s, 3.454s) 17.851ms
[2021-05-06T17:53:19.626+0100][gc,start      ] GC(4) Pause Remark
[2021-05-06T17:53:19.631+0100][gc,stringtable] GC(4) Cleaned string and symbol table, strings: 11578 processed, 8 removed, symbols: 93911 processed, 27 removed
[2021-05-06T17:53:19.631+0100][gc            ] GC(4) Pause Remark 140M->140M(1024M) 4.829ms
[2021-05-06T17:53:19.631+0100][gc,cpu        ] GC(4) User=0.02s Sys=0.00s Real=0.01s
[2021-05-06T17:53:19.631+0100][gc,marking    ] GC(4) Concurrent Rebuild Remembered Sets
[2021-05-06T17:53:19.641+0100][gc,marking    ] GC(4) Concurrent Rebuild Remembered Sets 9.865ms
[2021-05-06T17:53:19.641+0100][gc,start      ] GC(4) Pause Cleanup
[2021-05-06T17:53:19.641+0100][gc            ] GC(4) Pause Cleanup 140M->140M(1024M) 0.190ms
[2021-05-06T17:53:19.641+0100][gc,cpu        ] GC(4) User=0.00s Sys=0.01s Real=0.00s
[2021-05-06T17:53:19.641+0100][gc,marking    ] GC(4) Concurrent Cleanup for Next Mark
[2021-05-06T17:53:19.662+0100][gc,marking    ] GC(4) Concurrent Cleanup for Next Mark 20.715ms
[2021-05-06T17:53:19.662+0100][gc            ] GC(4) Concurrent Cycle 62.383ms
[2021-05-06T17:57:42.748+0100][gc,start      ] GC(5) Pause Young (Normal) (G1 Evacuation Pause)
[2021-05-06T17:57:42.748+0100][gc,task       ] GC(5) Using 4 workers of 4 for evacuation
[2021-05-06T17:57:42.801+0100][gc,mmu        ] GC(5) MMU target violated: 21.0ms (20.0ms/21.0ms)
[2021-05-06T17:57:42.801+0100][gc,phases     ] GC(5)   Pre Evacuate Collection Set: 1.7ms
[2021-05-06T17:57:42.801+0100][gc,phases     ] GC(5)   Evacuate Collection Set: 49.5ms
[2021-05-06T17:57:42.801+0100][gc,phases     ] GC(5)   Post Evacuate Collection Set: 1.1ms
[2021-05-06T17:57:42.801+0100][gc,phases     ] GC(5)   Other: 1.0ms
[2021-05-06T17:57:42.801+0100][gc,heap       ] GC(5) Eden regions: 47->0(46)
[2021-05-06T17:57:42.801+0100][gc,heap       ] GC(5) Survivor regions: 4->5(7)
[2021-05-06T17:57:42.801+0100][gc,heap       ] GC(5) Old regions: 7->9
[2021-05-06T17:57:42.801+0100][gc,heap       ] GC(5) Humongous regions: 129->129
[2021-05-06T17:57:42.801+0100][gc,metaspace  ] GC(5) Metaspace: 43092K->43092K(1089536K)
[2021-05-06T17:57:42.801+0100][gc            ] GC(5) Pause Young (Normal) (G1 Evacuation Pause) 186M->142M(1024M) 53.397ms
[2021-05-06T17:57:42.801+0100][gc,cpu        ] GC(5) User=0.05s Sys=0.07s Real=0.06s
[2021-05-06T18:25:48.740+0100][gc,start      ] GC(6) Pause Young (Normal) (G1 Evacuation Pause)
[2021-05-06T18:25:48.740+0100][gc,task       ] GC(6) Using 4 workers of 4 for evacuation
[2021-05-06T18:25:48.817+0100][gc,mmu        ] GC(6) MMU target violated: 21.0ms (20.0ms/21.0ms)
[2021-05-06T18:25:48.817+0100][gc,phases     ] GC(6)   Pre Evacuate Collection Set: 1.4ms
[2021-05-06T18:25:48.817+0100][gc,phases     ] GC(6)   Evacuate Collection Set: 74.2ms
[2021-05-06T18:25:48.817+0100][gc,phases     ] GC(6)   Post Evacuate Collection Set: 1.0ms
[2021-05-06T18:25:48.817+0100][gc,phases     ] GC(6)   Other: 1.1ms
[2021-05-06T18:25:48.817+0100][gc,heap       ] GC(6) Eden regions: 46->0(48)
[2021-05-06T18:25:48.817+0100][gc,heap       ] GC(6) Survivor regions: 5->3(7)
[2021-05-06T18:25:48.817+0100][gc,heap       ] GC(6) Old regions: 9->11
[2021-05-06T18:25:48.818+0100][gc,heap       ] GC(6) Humongous regions: 129->129
[2021-05-06T18:25:48.818+0100][gc,metaspace  ] GC(6) Metaspace: 43766K->43766K(1089536K)
[2021-05-06T18:25:48.818+0100][gc            ] GC(6) Pause Young (Normal) (G1 Evacuation Pause) 188M->142M(1024M) 78.020ms
[2021-05-06T18:25:48.818+0100][gc,cpu        ] GC(6) User=0.04s Sys=0.06s Real=0.07s
[2021-05-06T18:58:11.870+0100][gc,start      ] GC(7) Pause Young (Normal) (G1 Evacuation Pause)
[2021-05-06T18:58:11.871+0100][gc,task       ] GC(7) Using 4 workers of 4 for evacuation
[2021-05-06T18:58:11.893+0100][gc,mmu        ] GC(7) MMU target violated: 21.0ms (20.0ms/21.0ms)
[2021-05-06T18:58:11.893+0100][gc,phases     ] GC(7)   Pre Evacuate Collection Set: 2.2ms
[2021-05-06T18:58:11.893+0100][gc,phases     ] GC(7)   Evacuate Collection Set: 18.8ms
[2021-05-06T18:58:11.893+0100][gc,phases     ] GC(7)   Post Evacuate Collection Set: 0.7ms
[2021-05-06T18:58:11.893+0100][gc,phases     ] GC(7)   Other: 1.0ms
[2021-05-06T18:58:11.893+0100][gc,heap       ] GC(7) Eden regions: 48->0(47)
[2021-05-06T18:58:11.893+0100][gc,heap       ] GC(7) Survivor regions: 3->4(7)
[2021-05-06T18:58:11.893+0100][gc,heap       ] GC(7) Old regions: 11->11
[2021-05-06T18:58:11.893+0100][gc,heap       ] GC(7) Humongous regions: 129->129
[2021-05-06T18:58:11.893+0100][gc,metaspace  ] GC(7) Metaspace: 43951K->43951K(1089536K)
[2021-05-06T18:58:11.893+0100][gc            ] GC(7) Pause Young (Normal) (G1 Evacuation Pause) 190M->142M(1024M) 22.816ms
[2021-05-06T18:58:11.893+0100][gc,cpu        ] GC(7) User=0.02s Sys=0.04s Real=0.02s
[2021-05-06T19:35:20.605+0100][gc,start      ] GC(8) Pause Young (Normal) (G1 Evacuation Pause)
[2021-05-06T19:35:20.606+0100][gc,task       ] GC(8) Using 4 workers of 4 for evacuation
[2021-05-06T19:35:20.629+0100][gc,mmu        ] GC(8) MMU target violated: 21.0ms (20.0ms/21.0ms)
[2021-05-06T19:35:20.629+0100][gc,phases     ] GC(8)   Pre Evacuate Collection Set: 1.8ms
[2021-05-06T19:35:20.629+0100][gc,phases     ] GC(8)   Evacuate Collection Set: 20.9ms
[2021-05-06T19:35:20.629+0100][gc,phases     ] GC(8)   Post Evacuate Collection Set: 0.6ms
[2021-05-06T19:35:20.629+0100][gc,phases     ] GC(8)   Other: 0.9ms
[2021-05-06T19:35:20.630+0100][gc,heap       ] GC(8) Eden regions: 47->0(48)
[2021-05-06T19:35:20.630+0100][gc,heap       ] GC(8) Survivor regions: 4->3(7)
[2021-05-06T19:35:20.630+0100][gc,heap       ] GC(8) Old regions: 11->11
[2021-05-06T19:35:20.630+0100][gc,heap       ] GC(8) Humongous regions: 129->129
[2021-05-06T19:35:20.630+0100][gc,metaspace  ] GC(8) Metaspace: 44019K->44019K(1089536K)
[2021-05-06T19:35:20.630+0100][gc            ] GC(8) Pause Young (Normal) (G1 Evacuation Pause) 189M->142M(1024M) 24.384ms
[2021-05-06T19:35:20.630+0100][gc,cpu        ] GC(8) User=0.02s Sys=0.05s Real=0.03s
[2021-05-06T20:12:25.910+0100][gc,start      ] GC(9) Pause Young (Normal) (G1 Evacuation Pause)
[2021-05-06T20:12:25.911+0100][gc,task       ] GC(9) Using 4 workers of 4 for evacuation
[2021-05-06T20:12:26.007+0100][gc,mmu        ] GC(9) MMU target violated: 21.0ms (20.0ms/21.0ms)
[2021-05-06T20:12:26.008+0100][gc,phases     ] GC(9)   Pre Evacuate Collection Set: 2.0ms
[2021-05-06T20:12:26.008+0100][gc,phases     ] GC(9)   Evacuate Collection Set: 92.8ms
[2021-05-06T20:12:26.008+0100][gc,phases     ] GC(9)   Post Evacuate Collection Set: 1.5ms
[2021-05-06T20:12:26.008+0100][gc,phases     ] GC(9)   Other: 1.2ms
[2021-05-06T20:12:26.008+0100][gc,heap       ] GC(9) Eden regions: 48->0(47)
[2021-05-06T20:12:26.008+0100][gc,heap       ] GC(9) Survivor regions: 3->4(7)
[2021-05-06T20:12:26.008+0100][gc,heap       ] GC(9) Old regions: 11->11
[2021-05-06T20:12:26.008+0100][gc,heap       ] GC(9) Humongous regions: 129->129
[2021-05-06T20:12:26.008+0100][gc,metaspace  ] GC(9) Metaspace: 44112K->44112K(1089536K)
[2021-05-06T20:12:26.008+0100][gc            ] GC(9) Pause Young (Normal) (G1 Evacuation Pause) 190M->142M(1024M) 97.695ms
[2021-05-06T20:12:26.008+0100][gc,cpu        ] GC(9) User=0.03s Sys=0.05s Real=0.09s
[2021-05-06T22:19:56.996+0100][gc,start      ] GC(10) Pause Young (Normal) (G1 Evacuation Pause)
[2021-05-06T22:19:56.997+0100][gc,task       ] GC(10) Using 4 workers of 4 for evacuation
[2021-05-06T22:19:57.024+0100][gc,mmu        ] GC(10) MMU target violated: 21.0ms (20.0ms/21.0ms)
[2021-05-06T22:19:57.024+0100][gc,phases     ] GC(10)   Pre Evacuate Collection Set: 2.8ms
[2021-05-06T22:19:57.024+0100][gc,phases     ] GC(10)   Evacuate Collection Set: 23.5ms
[2021-05-06T22:19:57.024+0100][gc,phases     ] GC(10)   Post Evacuate Collection Set: 0.7ms
[2021-05-06T22:19:57.024+0100][gc,phases     ] GC(10)   Other: 1.2ms
[2021-05-06T22:19:57.024+0100][gc,heap       ] GC(10) Eden regions: 47->0(47)
[2021-05-06T22:19:57.024+0100][gc,heap       ] GC(10) Survivor regions: 4->4(7)
[2021-05-06T22:19:57.024+0100][gc,heap       ] GC(10) Old regions: 11->11
[2021-05-06T22:19:57.024+0100][gc,heap       ] GC(10) Humongous regions: 129->129
[2021-05-06T22:19:57.024+0100][gc,metaspace  ] GC(10) Metaspace: 44115K->44115K(1089536K)
[2021-05-06T22:19:57.024+0100][gc            ] GC(10) Pause Young (Normal) (G1 Evacuation Pause) 189M->142M(1024M) 28.228ms
[2021-05-06T22:19:57.024+0100][gc,cpu        ] GC(10) User=0.03s Sys=0.06s Real=0.03s
[2021-05-06T22:58:41.633+0100][gc,start      ] GC(11) Pause Young (Normal) (G1 Evacuation Pause)
[2021-05-06T22:58:41.633+0100][gc,task       ] GC(11) Using 4 workers of 4 for evacuation
[2021-05-06T22:58:41.665+0100][gc,mmu        ] GC(11) MMU target violated: 21.0ms (20.0ms/21.0ms)
[2021-05-06T22:58:41.665+0100][gc,phases     ] GC(11)   Pre Evacuate Collection Set: 3.1ms
[2021-05-06T22:58:41.665+0100][gc,phases     ] GC(11)   Evacuate Collection Set: 27.1ms
[2021-05-06T22:58:41.665+0100][gc,phases     ] GC(11)   Post Evacuate Collection Set: 0.7ms
[2021-05-06T22:58:41.665+0100][gc,phases     ] GC(11)   Other: 1.1ms
[2021-05-06T22:58:41.665+0100][gc,heap       ] GC(11) Eden regions: 47->0(47)
[2021-05-06T22:58:41.665+0100][gc,heap       ] GC(11) Survivor regions: 4->4(7)
[2021-05-06T22:58:41.665+0100][gc,heap       ] GC(11) Old regions: 11->11
[2021-05-06T22:58:41.665+0100][gc,heap       ] GC(11) Humongous regions: 129->129
[2021-05-06T22:58:41.665+0100][gc,metaspace  ] GC(11) Metaspace: 44136K->44136K(1089536K)
[2021-05-06T22:58:41.665+0100][gc            ] GC(11) Pause Young (Normal) (G1 Evacuation Pause) 189M->142M(1024M) 32.059ms
[2021-05-06T22:58:41.665+0100][gc,cpu        ] GC(11) User=0.04s Sys=0.06s Real=0.03s
[2021-05-06T23:37:47.941+0100][gc,start      ] GC(12) Pause Young (Normal) (G1 Evacuation Pause)
[2021-05-06T23:37:47.941+0100][gc,task       ] GC(12) Using 4 workers of 4 for evacuation
[2021-05-06T23:37:48.020+0100][gc,mmu        ] GC(12) MMU target violated: 21.0ms (20.0ms/21.0ms)
[2021-05-06T23:37:48.020+0100][gc,phases     ] GC(12)   Pre Evacuate Collection Set: 4.7ms
[2021-05-06T23:37:48.020+0100][gc,phases     ] GC(12)   Evacuate Collection Set: 70.4ms
[2021-05-06T23:37:48.020+0100][gc,phases     ] GC(12)   Post Evacuate Collection Set: 3.1ms
[2021-05-06T23:37:48.020+0100][gc,phases     ] GC(12)   Other: 1.1ms
[2021-05-06T23:37:48.020+0100][gc,heap       ] GC(12) Eden regions: 47->0(47)
[2021-05-06T23:37:48.020+0100][gc,heap       ] GC(12) Survivor regions: 4->4(7)
[2021-05-06T23:37:48.020+0100][gc,heap       ] GC(12) Old regions: 11->11
[2021-05-06T23:37:48.020+0100][gc,heap       ] GC(12) Humongous regions: 129->129
[2021-05-06T23:37:48.020+0100][gc,metaspace  ] GC(12) Metaspace: 44147K->44147K(1089536K)
[2021-05-06T23:37:48.020+0100][gc            ] GC(12) Pause Young (Normal) (G1 Evacuation Pause) 189M->142M(1024M) 79.827ms
[2021-05-06T23:37:48.020+0100][gc,cpu        ] GC(12) User=0.03s Sys=0.05s Real=0.08s
[2021-05-07T00:16:23.994+0100][gc,start      ] GC(13) Pause Young (Normal) (G1 Evacuation Pause)
[2021-05-07T00:16:23.996+0100][gc,task       ] GC(13) Using 4 workers of 4 for evacuation
[2021-05-07T00:16:24.091+0100][gc,mmu        ] GC(13) MMU target violated: 21.0ms (20.0ms/21.0ms)
[2021-05-07T00:16:24.091+0100][gc,phases     ] GC(13)   Pre Evacuate Collection Set: 3.5ms
[2021-05-07T00:16:24.091+0100][gc,phases     ] GC(13)   Evacuate Collection Set: 74.1ms
[2021-05-07T00:16:24.091+0100][gc,phases     ] GC(13)   Post Evacuate Collection Set: 13.3ms
[2021-05-07T00:16:24.091+0100][gc,phases     ] GC(13)   Other: 9.3ms
[2021-05-07T00:16:24.092+0100][gc,heap       ] GC(13) Eden regions: 47->0(47)
[2021-05-07T00:16:24.092+0100][gc,heap       ] GC(13) Survivor regions: 4->4(7)
[2021-05-07T00:16:24.092+0100][gc,heap       ] GC(13) Old regions: 11->11
[2021-05-07T00:16:24.092+0100][gc,heap       ] GC(13) Humongous regions: 129->129
[2021-05-07T00:16:24.092+0100][gc,metaspace  ] GC(13) Metaspace: 44160K->44160K(1089536K)
[2021-05-07T00:16:24.093+0100][gc            ] GC(13) Pause Young (Normal) (G1 Evacuation Pause) 189M->142M(1024M) 99.322ms
[2021-05-07T00:16:24.093+0100][gc,cpu        ] GC(13) User=0.03s Sys=0.06s Real=0.10s
[2021-05-07T10:17:34.037+0100][gc,start      ] GC(14) Pause Young (Normal) (G1 Evacuation Pause)
[2021-05-07T10:17:34.040+0100][gc,task       ] GC(14) Using 4 workers of 4 for evacuation
[2021-05-07T10:17:34.104+0100][gc,mmu        ] GC(14) MMU target violated: 21.0ms (20.0ms/21.0ms)
[2021-05-07T10:17:34.104+0100][gc,phases     ] GC(14)   Pre Evacuate Collection Set: 3.5ms
[2021-05-07T10:17:34.105+0100][gc,phases     ] GC(14)   Evacuate Collection Set: 53.4ms
[2021-05-07T10:17:34.105+0100][gc,phases     ] GC(14)   Post Evacuate Collection Set: 4.0ms
[2021-05-07T10:17:34.105+0100][gc,phases     ] GC(14)   Other: 11.5ms
[2021-05-07T10:17:34.105+0100][gc,heap       ] GC(14) Eden regions: 47->0(48)
[2021-05-07T10:17:34.105+0100][gc,heap       ] GC(14) Survivor regions: 4->3(7)
[2021-05-07T10:17:34.105+0100][gc,heap       ] GC(14) Old regions: 11->11
[2021-05-07T10:17:34.105+0100][gc,heap       ] GC(14) Humongous regions: 129->129
[2021-05-07T10:17:34.106+0100][gc,metaspace  ] GC(14) Metaspace: 44161K->44161K(1089536K)
[2021-05-07T10:17:34.106+0100][gc            ] GC(14) Pause Young (Normal) (G1 Evacuation Pause) 189M->142M(1024M) 70.127ms
[2021-05-07T10:17:34.106+0100][gc,cpu        ] GC(14) User=0.04s Sys=0.08s Real=0.07s
[2021-05-07T10:57:10.413+0100][gc,start      ] GC(15) Pause Young (Normal) (G1 Evacuation Pause)
[2021-05-07T10:57:10.415+0100][gc,task       ] GC(15) Using 4 workers of 4 for evacuation
[2021-05-07T10:57:10.465+0100][gc,mmu        ] GC(15) MMU target violated: 21.0ms (20.0ms/21.0ms)
[2021-05-07T10:57:10.466+0100][gc,phases     ] GC(15)   Pre Evacuate Collection Set: 7.0ms
[2021-05-07T10:57:10.466+0100][gc,phases     ] GC(15)   Evacuate Collection Set: 37.1ms
[2021-05-07T10:57:10.466+0100][gc,phases     ] GC(15)   Post Evacuate Collection Set: 3.3ms
[2021-05-07T10:57:10.468+0100][gc,phases     ] GC(15)   Other: 13.1ms
[2021-05-07T10:57:10.468+0100][gc,heap       ] GC(15) Eden regions: 48->0(48)
[2021-05-07T10:57:10.468+0100][gc,heap       ] GC(15) Survivor regions: 3->3(7)
[2021-05-07T10:57:10.468+0100][gc,heap       ] GC(15) Old regions: 11->11
[2021-05-07T10:57:10.468+0100][gc,heap       ] GC(15) Humongous regions: 129->129
[2021-05-07T10:57:10.469+0100][gc,metaspace  ] GC(15) Metaspace: 44161K->44161K(1089536K)
[2021-05-07T10:57:10.470+0100][gc            ] GC(15) Pause Young (Normal) (G1 Evacuation Pause) 190M->142M(1024M) 57.388ms
[2021-05-07T10:57:10.470+0100][gc,cpu        ] GC(15) User=0.03s Sys=0.06s Real=0.06s
[2021-05-07T11:36:30.250+0100][gc,start      ] GC(16) Pause Young (Normal) (G1 Evacuation Pause)
[2021-05-07T11:36:30.251+0100][gc,task       ] GC(16) Using 4 workers of 4 for evacuation
[2021-05-07T11:36:30.287+0100][gc,mmu        ] GC(16) MMU target violated: 21.0ms (20.0ms/21.0ms)
[2021-05-07T11:36:30.287+0100][gc,phases     ] GC(16)   Pre Evacuate Collection Set: 3.0ms
[2021-05-07T11:36:30.287+0100][gc,phases     ] GC(16)   Evacuate Collection Set: 31.9ms
[2021-05-07T11:36:30.287+0100][gc,phases     ] GC(16)   Post Evacuate Collection Set: 0.7ms
[2021-05-07T11:36:30.287+0100][gc,phases     ] GC(16)   Other: 1.5ms
[2021-05-07T11:36:30.287+0100][gc,heap       ] GC(16) Eden regions: 48->0(48)
[2021-05-07T11:36:30.287+0100][gc,heap       ] GC(16) Survivor regions: 3->3(7)
[2021-05-07T11:36:30.287+0100][gc,heap       ] GC(16) Old regions: 11->11
[2021-05-07T11:36:30.287+0100][gc,heap       ] GC(16) Humongous regions: 129->129
[2021-05-07T11:36:30.287+0100][gc,metaspace  ] GC(16) Metaspace: 44168K->44168K(1089536K)
[2021-05-07T11:36:30.287+0100][gc            ] GC(16) Pause Young (Normal) (G1 Evacuation Pause) 190M->142M(1024M) 37.055ms
[2021-05-07T11:36:30.287+0100][gc,cpu        ] GC(16) User=0.03s Sys=0.06s Real=0.03s
[2021-05-07T12:07:57.475+0100][gc,start      ] GC(17) Pause Young (Normal) (G1 Evacuation Pause)
[2021-05-07T12:07:57.477+0100][gc,task       ] GC(17) Using 4 workers of 4 for evacuation
[2021-05-07T12:07:57.527+0100][gc,mmu        ] GC(17) MMU target violated: 21.0ms (20.0ms/21.0ms)
[2021-05-07T12:07:57.527+0100][gc,phases     ] GC(17)   Pre Evacuate Collection Set: 3.1ms
[2021-05-07T12:07:57.527+0100][gc,phases     ] GC(17)   Evacuate Collection Set: 42.0ms
[2021-05-07T12:07:57.527+0100][gc,phases     ] GC(17)   Post Evacuate Collection Set: 2.3ms
[2021-05-07T12:07:57.527+0100][gc,phases     ] GC(17)   Other: 6.9ms
[2021-05-07T12:07:57.527+0100][gc,heap       ] GC(17) Eden regions: 48->0(48)
[2021-05-07T12:07:57.527+0100][gc,heap       ] GC(17) Survivor regions: 3->3(7)
[2021-05-07T12:07:57.527+0100][gc,heap       ] GC(17) Old regions: 11->11
[2021-05-07T12:07:57.527+0100][gc,heap       ] GC(17) Humongous regions: 129->129
[2021-05-07T12:07:57.528+0100][gc,metaspace  ] GC(17) Metaspace: 44494K->44494K(1089536K)
[2021-05-07T12:07:57.528+0100][gc            ] GC(17) Pause Young (Normal) (G1 Evacuation Pause) 190M->142M(1024M) 53.420ms
[2021-05-07T12:07:57.528+0100][gc,cpu        ] GC(17) User=0.03s Sys=0.06s Real=0.05s
[2021-05-07T12:41:08.393+0100][gc,start      ] GC(18) Pause Young (Normal) (G1 Evacuation Pause)
[2021-05-07T12:41:08.395+0100][gc,task       ] GC(18) Using 4 workers of 4 for evacuation
[2021-05-07T12:41:08.443+0100][gc,mmu        ] GC(18) MMU target violated: 21.0ms (20.0ms/21.0ms)
[2021-05-07T12:41:08.443+0100][gc,phases     ] GC(18)   Pre Evacuate Collection Set: 1.9ms
[2021-05-07T12:41:08.443+0100][gc,phases     ] GC(18)   Evacuate Collection Set: 40.4ms
[2021-05-07T12:41:08.443+0100][gc,phases     ] GC(18)   Post Evacuate Collection Set: 2.4ms
[2021-05-07T12:41:08.444+0100][gc,phases     ] GC(18)   Other: 9.0ms
[2021-05-07T12:41:08.444+0100][gc,heap       ] GC(18) Eden regions: 48->0(48)
[2021-05-07T12:41:08.444+0100][gc,heap       ] GC(18) Survivor regions: 3->3(7)
[2021-05-07T12:41:08.444+0100][gc,heap       ] GC(18) Old regions: 11->11
[2021-05-07T12:41:08.444+0100][gc,heap       ] GC(18) Humongous regions: 129->129
[2021-05-07T12:41:08.445+0100][gc,metaspace  ] GC(18) Metaspace: 44598K->44598K(1089536K)
[2021-05-07T12:41:08.445+0100][gc            ] GC(18) Pause Young (Normal) (G1 Evacuation Pause) 190M->142M(1024M) 53.015ms
[2021-05-07T12:41:08.445+0100][gc,cpu        ] GC(18) User=0.03s Sys=0.07s Real=0.05s
