[2021-05-06T19:50:22.561+0100][gc,heap] Heap region size: 1M
[2021-05-06T19:50:22.567+0100][gc     ] Using G1
[2021-05-06T19:50:22.567+0100][gc,heap,coops] Heap address: 0x00000007e0000000, size: 512 MB, Compressed Oops mode: Zero based, Oop shift amount: 3
[2021-05-06T19:50:28.082+0100][gc,start     ] GC(0) Pause Young (Normal) (G1 Evacuation Pause)
[2021-05-06T19:50:28.082+0100][gc,task      ] GC(0) Using 4 workers of 4 for evacuation
[2021-05-06T19:50:28.094+0100][gc,phases    ] GC(0)   Pre Evacuate Collection Set: 0.0ms
[2021-05-06T19:50:28.094+0100][gc,phases    ] GC(0)   Evacuate Collection Set: 11.5ms
[2021-05-06T19:50:28.094+0100][gc,phases    ] GC(0)   Post Evacuate Collection Set: 0.6ms
[2021-05-06T19:50:28.094+0100][gc,phases    ] GC(0)   Other: 0.5ms
[2021-05-06T19:50:28.095+0100][gc,heap      ] GC(0) Eden regions: 25->0(21)
[2021-05-06T19:50:28.095+0100][gc,heap      ] GC(0) Survivor regions: 0->4(4)
[2021-05-06T19:50:28.095+0100][gc,heap      ] GC(0) Old regions: 0->2
[2021-05-06T19:50:28.095+0100][gc,heap      ] GC(0) Humongous regions: 0->0
[2021-05-06T19:50:28.095+0100][gc,metaspace ] GC(0) Metaspace: 15170K->15170K(1062912K)
[2021-05-06T19:50:28.095+0100][gc           ] GC(0) Pause Young (Normal) (G1 Evacuation Pause) 25M->5M(512M) 13.132ms
[2021-05-06T19:50:28.095+0100][gc,cpu       ] GC(0) User=0.02s Sys=0.00s Real=0.01s
[2021-05-06T19:54:43.155+0100][gc,heap,exit ] Heap
[2021-05-06T19:54:43.155+0100][gc,heap,exit ]  garbage-first heap   total 524288K, used 8815K [0x00000007e0000000, 0x0000000800000000)
[2021-05-06T19:54:43.155+0100][gc,heap,exit ]   region size 1024K, 8 young (8192K), 4 survivors (4096K)
[2021-05-06T19:54:43.155+0100][gc,heap,exit ]  Metaspace       used 15369K, capacity 15706K, committed 16128K, reserved 1062912K
[2021-05-06T19:54:43.155+0100][gc,heap,exit ]   class space    used 1541K, capacity 1678K, committed 1792K, reserved 1048576K
