[2021-05-06T19:47:54.098+0100][gc,heap] Heap region size: 1M
[2021-05-06T19:47:54.105+0100][gc     ] Using G1
[2021-05-06T19:47:54.105+0100][gc,heap,coops] Heap address: 0x00000007e0000000, size: 512 MB, Compressed Oops mode: Zero based, Oop shift amount: 3
[2021-05-06T19:48:16.560+0100][gc,start     ] GC(0) Pause Young (Normal) (G1 Evacuation Pause)
[2021-05-06T19:48:16.560+0100][gc,task      ] GC(0) Using 4 workers of 4 for evacuation
[2021-05-06T19:48:16.575+0100][gc,phases    ] GC(0)   Pre Evacuate Collection Set: 0.1ms
[2021-05-06T19:48:16.575+0100][gc,phases    ] GC(0)   Evacuate Collection Set: 13.6ms
[2021-05-06T19:48:16.575+0100][gc,phases    ] GC(0)   Post Evacuate Collection Set: 0.5ms
[2021-05-06T19:48:16.575+0100][gc,phases    ] GC(0)   Other: 0.8ms
[2021-05-06T19:48:16.575+0100][gc,heap      ] GC(0) Eden regions: 25->0(21)
[2021-05-06T19:48:16.575+0100][gc,heap      ] GC(0) Survivor regions: 0->4(4)
[2021-05-06T19:48:16.575+0100][gc,heap      ] GC(0) Old regions: 0->2
[2021-05-06T19:48:16.575+0100][gc,heap      ] GC(0) Humongous regions: 0->0
[2021-05-06T19:48:16.575+0100][gc,metaspace ] GC(0) Metaspace: 15229K->15229K(1062912K)
[2021-05-06T19:48:16.575+0100][gc           ] GC(0) Pause Young (Normal) (G1 Evacuation Pause) 25M->5M(512M) 15.113ms
[2021-05-06T19:48:16.575+0100][gc,cpu       ] GC(0) User=0.02s Sys=0.01s Real=0.01s
[2021-05-06T19:49:11.840+0100][gc,heap,exit ] Heap
[2021-05-06T19:49:11.841+0100][gc,heap,exit ]  garbage-first heap   total 524288K, used 7809K [0x00000007e0000000, 0x0000000800000000)
[2021-05-06T19:49:11.841+0100][gc,heap,exit ]   region size 1024K, 7 young (7168K), 4 survivors (4096K)
[2021-05-06T19:49:11.841+0100][gc,heap,exit ]  Metaspace       used 15303K, capacity 15642K, committed 15872K, reserved 1062912K
[2021-05-06T19:49:11.841+0100][gc,heap,exit ]   class space    used 1545K, capacity 1678K, committed 1792K, reserved 1048576K
