[2021-05-06T17:55:32.129+0100][gc,heap] Heap region size: 1M
[2021-05-06T17:55:32.135+0100][gc     ] Using G1
[2021-05-06T17:55:32.135+0100][gc,heap,coops] Heap address: 0x00000007e0000000, size: 512 MB, Compressed Oops mode: Zero based, Oop shift amount: 3
[2021-05-06T17:55:39.249+0100][gc,start     ] GC(0) Pause Young (Normal) (G1 Evacuation Pause)
[2021-05-06T17:55:39.250+0100][gc,task      ] GC(0) Using 4 workers of 4 for evacuation
[2021-05-06T17:55:39.259+0100][gc,phases    ] GC(0)   Pre Evacuate Collection Set: 0.0ms
[2021-05-06T17:55:39.259+0100][gc,phases    ] GC(0)   Evacuate Collection Set: 8.4ms
[2021-05-06T17:55:39.259+0100][gc,phases    ] GC(0)   Post Evacuate Collection Set: 0.5ms
[2021-05-06T17:55:39.259+0100][gc,phases    ] GC(0)   Other: 0.5ms
[2021-05-06T17:55:39.259+0100][gc,heap      ] GC(0) Eden regions: 25->0(21)
[2021-05-06T17:55:39.259+0100][gc,heap      ] GC(0) Survivor regions: 0->4(4)
[2021-05-06T17:55:39.259+0100][gc,heap      ] GC(0) Old regions: 0->2
[2021-05-06T17:55:39.259+0100][gc,heap      ] GC(0) Humongous regions: 0->0
[2021-05-06T17:55:39.259+0100][gc,metaspace ] GC(0) Metaspace: 15132K->15132K(1062912K)
[2021-05-06T17:55:39.259+0100][gc           ] GC(0) Pause Young (Normal) (G1 Evacuation Pause) 25M->5M(512M) 9.637ms
[2021-05-06T17:55:39.259+0100][gc,cpu       ] GC(0) User=0.03s Sys=0.00s Real=0.01s
[2021-05-06T17:58:29.611+0100][gc,heap,exit ] Heap
[2021-05-06T17:58:29.611+0100][gc,heap,exit ]  garbage-first heap   total 524288K, used 8898K [0x00000007e0000000, 0x0000000800000000)
[2021-05-06T17:58:29.611+0100][gc,heap,exit ]   region size 1024K, 8 young (8192K), 4 survivors (4096K)
[2021-05-06T17:58:29.611+0100][gc,heap,exit ]  Metaspace       used 15277K, capacity 15610K, committed 15744K, reserved 1062912K
[2021-05-06T17:58:29.611+0100][gc,heap,exit ]   class space    used 1535K, capacity 1646K, committed 1664K, reserved 1048576K
